{"timestamp":"2026-07-29T10:12:36+00:00","method":"GET","uri":"/lab360/login","status":200,"ip":"::1","user_id":null,"duration_ms":10.42}
{"timestamp":"2026-07-29T10:12:36+00:00","method":"POST","uri":"/lab360/login","status":302,"ip":"::1","user_id":1,"duration_ms":36.9}
{"timestamp":"2026-07-29T10:12:36+00:00","method":"GET","uri":"/lab360/app-settings","status":200,"ip":"::1","user_id":1,"duration_ms":9.25}
{"timestamp":"2026-07-29T10:12:36+00:00","method":"GET","uri":"/lab360/logs","status":200,"ip":"::1","user_id":1,"duration_ms":10.55}
{"timestamp":"2026-07-29T10:12:36+00:00","method":"GET","uri":"/lab360/rate-limits","status":200,"ip":"::1","user_id":1,"duration_ms":10.61}
{"timestamp":"2026-07-29T15:13:29+05:00","method":"POST","uri":"/lab360/app-settings","status":302,"ip":"::1","user_id":1,"duration_ms":17.28}
{"timestamp":"2026-07-29T15:13:29+05:00","method":"POST","uri":"/lab360/rate-limits","status":302,"ip":"::1","user_id":1,"duration_ms":11.96}
{"timestamp":"2026-07-29T15:14:00+05:00","method":"GET","uri":"/lab360/users/create","status":200,"ip":"::1","user_id":1,"duration_ms":29.68}
{"timestamp":"2026-07-29T15:14:19+05:00","method":"GET","uri":"/lab360/dashboard","status":200,"ip":"::1","user_id":1,"duration_ms":26.89}
{"timestamp":"2026-07-29T15:16:37+05:00","method":"GET","uri":"/lab360/users","status":200,"ip":"::1","user_id":1,"duration_ms":26.41}
{"timestamp":"2026-07-29T15:16:41+05:00","method":"GET","uri":"/lab360/app-settings","status":200,"ip":"::1","user_id":1,"duration_ms":16.18}
{"timestamp":"2026-07-29T15:16:45+05:00","method":"POST","uri":"/lab360/app-settings","status":302,"ip":"::1","user_id":1,"duration_ms":10.98}
{"timestamp":"2026-07-29T15:16:45+05:00","method":"GET","uri":"/lab360/app-settings","status":200,"ip":"::1","user_id":1,"duration_ms":13.94}
{"timestamp":"2026-07-29T15:16:58+05:00","method":"POST","uri":"/lab360/app-settings","status":302,"ip":"::1","user_id":1,"duration_ms":14.39}
{"timestamp":"2026-07-29T15:16:58+05:00","method":"GET","uri":"/lab360/app-settings","status":200,"ip":"::1","user_id":1,"duration_ms":10.48}
{"timestamp":"2026-07-29T15:17:07+05:00","method":"POST","uri":"/lab360/app-settings","status":302,"ip":"::1","user_id":1,"duration_ms":10.56}
{"timestamp":"2026-07-29T15:17:07+05:00","method":"GET","uri":"/lab360/app-settings","status":200,"ip":"::1","user_id":1,"duration_ms":13.29}
{"timestamp":"2026-07-29T15:19:36+05:00","method":"POST","uri":"/lab360/app-settings","status":302,"ip":"::1","user_id":1,"duration_ms":14.92}
{"timestamp":"2026-07-29T15:19:36+05:00","method":"GET","uri":"/lab360/app-settings","status":200,"ip":"::1","user_id":1,"duration_ms":14.97}
{"timestamp":"2026-07-29T15:21:42+05:00","method":"GET","uri":"/lab360/logs","status":200,"ip":"::1","user_id":1,"duration_ms":21.99}
{"timestamp":"2026-07-29T15:21:50+05:00","method":"GET","uri":"/lab360/logs?date=2026-07-30&per_page=50","status":200,"ip":"::1","user_id":1,"duration_ms":18.48}
{"timestamp":"2026-07-29T15:21:53+05:00","method":"GET","uri":"/lab360/logs?date=2026-07-29&per_page=50","status":200,"ip":"::1","user_id":1,"duration_ms":26.8}
{"timestamp":"2026-07-29T15:21:56+05:00","method":"GET","uri":"/lab360/rate-limits","status":200,"ip":"::1","user_id":1,"duration_ms":19.98}
{"timestamp":"2026-07-29T15:21:57+05:00","method":"GET","uri":"/lab360/logs?date=2026-07-29&per_page=10","status":200,"ip":"::1","user_id":1,"duration_ms":20.11}
{"timestamp":"2026-07-29T15:22:01+05:00","method":"GET","uri":"/lab360/rate-limits","status":200,"ip":"::1","user_id":1,"duration_ms":15.57}
{"timestamp":"2026-07-29T15:22:11+05:00","method":"POST","uri":"/lab360/rate-limits/unblock","status":302,"ip":"::1","user_id":1,"duration_ms":9.7}
{"timestamp":"2026-07-29T15:22:11+05:00","method":"GET","uri":"/lab360/rate-limits","status":200,"ip":"::1","user_id":1,"duration_ms":16.21}
{"timestamp":"2026-07-29T15:22:13+05:00","method":"POST","uri":"/lab360/rate-limits/unblock","status":302,"ip":"::1","user_id":1,"duration_ms":8.98}
{"timestamp":"2026-07-29T15:22:13+05:00","method":"GET","uri":"/lab360/rate-limits","status":200,"ip":"::1","user_id":1,"duration_ms":15.32}
{"timestamp":"2026-07-29T15:22:15+05:00","method":"POST","uri":"/lab360/rate-limits/unblock","status":302,"ip":"::1","user_id":1,"duration_ms":15.92}
{"timestamp":"2026-07-29T15:22:16+05:00","method":"GET","uri":"/lab360/rate-limits","status":200,"ip":"::1","user_id":1,"duration_ms":17.74}
{"timestamp":"2026-07-29T15:22:31+05:00","method":"GET","uri":"/lab360/permissions","status":200,"ip":"::1","user_id":1,"duration_ms":19.78}
{"timestamp":"2026-07-29T15:22:36+05:00","method":"GET","uri":"/lab360/app-settings","status":200,"ip":"::1","user_id":1,"duration_ms":17.68}
{"timestamp":"2026-07-29T15:22:39+05:00","method":"GET","uri":"/lab360/dashboard","status":200,"ip":"::1","user_id":1,"duration_ms":13.88}
{"timestamp":"2026-07-29T15:25:21+05:00","method":"GET","uri":"/lab360/database-backup","status":200,"ip":"::1","user_id":1,"duration_ms":17}
{"timestamp":"2026-07-29T15:25:21+05:00","method":"GET","uri":"/lab360/database-backup/database","status":200,"ip":"::1","user_id":1,"duration_ms":17.17}
{"timestamp":"2026-07-29T15:25:21+05:00","method":"GET","uri":"/lab360/database-backup/uploads","status":200,"ip":"::1","user_id":1,"duration_ms":45.08}
{"timestamp":"2026-07-29T15:25:21+05:00","method":"GET","uri":"/lab360/database-backup/full","status":200,"ip":"::1","user_id":1,"duration_ms":39.54}
{"timestamp":"2026-07-29T15:27:36+05:00","method":"GET","uri":"/lab360/dashboard","status":200,"ip":"::1","user_id":1,"duration_ms":14.71}
{"timestamp":"2026-07-29T15:27:38+05:00","method":"GET","uri":"/lab360/database-backup","status":200,"ip":"::1","user_id":1,"duration_ms":19.77}
{"timestamp":"2026-07-29T15:27:43+05:00","method":"GET","uri":"/lab360/database-backup/database","status":200,"ip":"::1","user_id":1,"duration_ms":23.95}
{"timestamp":"2026-07-29T15:27:46+05:00","method":"GET","uri":"/lab360/database-backup/uploads","status":200,"ip":"::1","user_id":1,"duration_ms":55.75}
{"timestamp":"2026-07-29T15:27:53+05:00","method":"GET","uri":"/lab360/database-backup/full","status":200,"ip":"::1","user_id":1,"duration_ms":50.82}
{"timestamp":"2026-07-29T15:27:53+05:00","method":"GET","uri":"/lab360/database-backup/full","status":200,"ip":"::1","user_id":1,"duration_ms":55.7}
{"timestamp":"2026-07-29T15:28:05+05:00","method":"GET","uri":"/lab360/database-backup","status":200,"ip":"::1","user_id":1,"duration_ms":22.92}
{"timestamp":"2026-07-29T15:28:05+05:00","method":"GET","uri":"/lab360/database-backup","status":200,"ip":"::1","user_id":1,"duration_ms":17.09}
{"timestamp":"2026-07-29T15:28:07+05:00","method":"GET","uri":"/lab360/rate-limits","status":200,"ip":"::1","user_id":1,"duration_ms":24.08}
{"timestamp":"2026-07-29T15:28:10+05:00","method":"GET","uri":"/lab360/rate-limits","status":200,"ip":"::1","user_id":1,"duration_ms":20.2}
{"timestamp":"2026-07-29T15:41:28+05:00","method":"GET","uri":"/lab360/dashboard","status":200,"ip":"::1","user_id":1,"duration_ms":18.02}
{"timestamp":"2026-07-29T15:41:29+05:00","method":"GET","uri":"/lab360/users","status":200,"ip":"::1","user_id":1,"duration_ms":35.2}
{"timestamp":"2026-07-29T15:41:31+05:00","method":"GET","uri":"/lab360/roles","status":200,"ip":"::1","user_id":1,"duration_ms":20.44}
{"timestamp":"2026-07-29T15:41:33+05:00","method":"GET","uri":"/lab360/permissions","status":200,"ip":"::1","user_id":1,"duration_ms":18.89}
{"timestamp":"2026-07-29T15:41:34+05:00","method":"GET","uri":"/lab360/app-settings","status":200,"ip":"::1","user_id":1,"duration_ms":19.01}
{"timestamp":"2026-07-29T15:41:40+05:00","method":"GET","uri":"/lab360/logs","status":200,"ip":"::1","user_id":1,"duration_ms":23.26}
{"timestamp":"2026-07-29T15:41:47+05:00","method":"GET","uri":"/lab360/logs?date=2026-07-29&per_page=10","status":200,"ip":"::1","user_id":1,"duration_ms":17.27}
{"timestamp":"2026-07-29T15:42:25+05:00","method":"GET","uri":"/lab360/dashboard","status":200,"ip":"::1","user_id":1,"duration_ms":24.07}
{"timestamp":"2026-07-29T15:42:32+05:00","method":"GET","uri":"/lab360/dashboard","status":200,"ip":"::1","user_id":1,"duration_ms":17.53}
{"timestamp":"2026-07-29T15:42:33+05:00","method":"GET","uri":"/lab360/dashboard","status":200,"ip":"::1","user_id":1,"duration_ms":16.92}
{"timestamp":"2026-07-29T15:42:34+05:00","method":"GET","uri":"/lab360/dashboard","status":200,"ip":"::1","user_id":1,"duration_ms":17.97}
{"timestamp":"2026-07-29T15:42:35+05:00","method":"GET","uri":"/lab360/users","status":200,"ip":"::1","user_id":1,"duration_ms":29.83}
{"timestamp":"2026-07-29T15:42:40+05:00","method":"GET","uri":"/lab360/users/create","status":200,"ip":"::1","user_id":1,"duration_ms":17.62}
{"timestamp":"2026-07-29T15:42:42+05:00","method":"GET","uri":"/lab360/users","status":200,"ip":"::1","user_id":1,"duration_ms":19.32}
{"timestamp":"2026-07-29T15:42:44+05:00","method":"GET","uri":"/lab360/roles","status":200,"ip":"::1","user_id":1,"duration_ms":24.69}
{"timestamp":"2026-07-29T15:42:47+05:00","method":"GET","uri":"/lab360/roles/create","status":200,"ip":"::1","user_id":1,"duration_ms":17.56}
{"timestamp":"2026-07-29T15:42:52+05:00","method":"POST","uri":"/lab360/roles/store","status":302,"ip":"::1","user_id":1,"duration_ms":15.6}
{"timestamp":"2026-07-29T15:42:52+05:00","method":"GET","uri":"/lab360/roles","status":200,"ip":"::1","user_id":1,"duration_ms":15.5}
{"timestamp":"2026-07-29T15:42:54+05:00","method":"GET","uri":"/lab360/roles/permissions?id=4","status":200,"ip":"::1","user_id":1,"duration_ms":18.28}
{"timestamp":"2026-07-29T15:43:12+05:00","method":"GET","uri":"/lab360/roles","status":200,"ip":"::1","user_id":1,"duration_ms":21.66}
{"timestamp":"2026-07-29T15:43:14+05:00","method":"GET","uri":"/lab360/roles/permissions?id=1","status":200,"ip":"::1","user_id":1,"duration_ms":15.21}
{"timestamp":"2026-07-29T15:43:19+05:00","method":"POST","uri":"/lab360/roles/permissions","status":302,"ip":"::1","user_id":1,"duration_ms":12.63}
{"timestamp":"2026-07-29T15:43:19+05:00","method":"GET","uri":"/lab360/roles","status":200,"ip":"::1","user_id":1,"duration_ms":25.48}
{"timestamp":"2026-07-29T15:43:20+05:00","method":"GET","uri":"/lab360/roles/permissions?id=1","status":200,"ip":"::1","user_id":1,"duration_ms":25.96}
{"timestamp":"2026-07-29T16:21:56+05:00","method":"GET","uri":"/lab360/roles","status":200,"ip":"::1","user_id":1,"duration_ms":79.43}
{"timestamp":"2026-07-29T16:22:08+05:00","method":"GET","uri":"/lab360/permissions","status":200,"ip":"::1","user_id":1,"duration_ms":28.2}
{"timestamp":"2026-07-29T16:22:11+05:00","method":"GET","uri":"/lab360/app-settings","status":200,"ip":"::1","user_id":1,"duration_ms":17.18}
{"timestamp":"2026-07-29T16:22:13+05:00","method":"GET","uri":"/lab360/logs","status":200,"ip":"::1","user_id":1,"duration_ms":24.2}
{"timestamp":"2026-07-29T16:22:20+05:00","method":"GET","uri":"/lab360/rate-limits","status":200,"ip":"::1","user_id":1,"duration_ms":19.74}
{"timestamp":"2026-07-29T16:22:28+05:00","method":"GET","uri":"/lab360/database-backup","status":200,"ip":"::1","user_id":1,"duration_ms":21.03}
{"timestamp":"2026-07-29T16:22:34+05:00","method":"GET","uri":"/lab360/app-settings","status":200,"ip":"::1","user_id":1,"duration_ms":17.97}
{"timestamp":"2026-07-29T16:22:35+05:00","method":"GET","uri":"/lab360/logs","status":200,"ip":"::1","user_id":1,"duration_ms":20.82}
{"timestamp":"2026-07-29T16:41:03+05:00","method":"GET","uri":"/lab360/users","status":200,"ip":"::1","user_id":1,"duration_ms":24.63}
{"timestamp":"2026-07-29T16:42:36+05:00","method":"GET","uri":"/lab360/rate-limits","status":200,"ip":"::1","user_id":1,"duration_ms":26.21}
{"timestamp":"2026-07-29T16:51:53+05:00","method":"GET","uri":"/lab360/logs","status":200,"ip":"::1","user_id":1,"duration_ms":24.71}
{"timestamp":"2026-07-29T16:51:56+05:00","method":"GET","uri":"/lab360/roles","status":200,"ip":"::1","user_id":1,"duration_ms":23.05}
{"timestamp":"2026-07-29T16:52:00+05:00","method":"GET","uri":"/lab360/logs","status":200,"ip":"::1","user_id":1,"duration_ms":18.08}
{"timestamp":"2026-07-29T16:52:06+05:00","method":"GET","uri":"/lab360/rate-limits","status":200,"ip":"::1","user_id":1,"duration_ms":17.12}
{"timestamp":"2026-07-29T16:52:15+05:00","method":"GET","uri":"/lab360/permissions","status":200,"ip":"::1","user_id":1,"duration_ms":19.63}
{"timestamp":"2026-07-29T16:52:18+05:00","method":"GET","uri":"/lab360/roles","status":200,"ip":"::1","user_id":1,"duration_ms":21}
{"timestamp":"2026-07-29T16:52:20+05:00","method":"GET","uri":"/lab360/roles/permissions?id=1","status":200,"ip":"::1","user_id":1,"duration_ms":18.7}
{"timestamp":"2026-07-29T16:52:25+05:00","method":"GET","uri":"/lab360/roles","status":200,"ip":"::1","user_id":1,"duration_ms":21.51}
{"timestamp":"2026-07-29T16:57:10+05:00","method":"GET","uri":"/lab360/roles/permissions?id=4","status":200,"ip":"::1","user_id":1,"duration_ms":19.02}
{"timestamp":"2026-07-29T16:57:22+05:00","method":"GET","uri":"/lab360/roles","status":200,"ip":"::1","user_id":1,"duration_ms":31.73}
{"timestamp":"2026-07-29T16:58:38+05:00","method":"GET","uri":"/lab360/app-settings","status":200,"ip":"::1","user_id":1,"duration_ms":20.5}
{"timestamp":"2026-07-29T16:58:49+05:00","method":"GET","uri":"/lab360/dashboard","status":200,"ip":"::1","user_id":1,"duration_ms":21.84}
{"timestamp":"2026-07-29T16:58:50+05:00","method":"GET","uri":"/lab360/roles","status":200,"ip":"::1","user_id":1,"duration_ms":28.87}
{"timestamp":"2026-07-29T16:58:52+05:00","method":"GET","uri":"/lab360/roles/permissions?id=4","status":200,"ip":"::1","user_id":1,"duration_ms":25.63}
{"timestamp":"2026-07-29T16:59:12+05:00","method":"GET","uri":"/lab360/users","status":200,"ip":"::1","user_id":1,"duration_ms":30.5}
{"timestamp":"2026-07-29T16:59:14+05:00","method":"GET","uri":"/lab360/permissions","status":200,"ip":"::1","user_id":1,"duration_ms":22.69}
{"timestamp":"2026-07-29T16:59:15+05:00","method":"GET","uri":"/lab360/roles","status":200,"ip":"::1","user_id":1,"duration_ms":21.54}
{"timestamp":"2026-07-29T17:03:32+05:00","method":"GET","uri":"/lab360/users","status":200,"ip":"::1","user_id":1,"duration_ms":30.38}
{"timestamp":"2026-07-29T17:03:35+05:00","method":"GET","uri":"/lab360/dashboard","status":200,"ip":"::1","user_id":1,"duration_ms":19.01}
{"timestamp":"2026-07-29T17:03:37+05:00","method":"GET","uri":"/lab360/roles","status":200,"ip":"::1","user_id":1,"duration_ms":24.2}
{"timestamp":"2026-07-29T17:03:41+05:00","method":"GET","uri":"/lab360/roles/create","status":200,"ip":"::1","user_id":1,"duration_ms":22.48}
{"timestamp":"2026-07-29T17:03:42+05:00","method":"GET","uri":"/lab360/roles","status":200,"ip":"::1","user_id":1,"duration_ms":20.32}
{"timestamp":"2026-07-29T17:15:24+05:00","method":"POST","uri":"/lab360/logout","status":302,"ip":"::1","user_id":null,"duration_ms":13.05}
{"timestamp":"2026-07-29T17:15:24+05:00","method":"GET","uri":"/lab360/login","status":200,"ip":"::1","user_id":null,"duration_ms":6.76}
{"timestamp":"2026-07-29T17:15:27+05:00","method":"POST","uri":"/lab360/login","status":302,"ip":"::1","user_id":1,"duration_ms":33.93}
{"timestamp":"2026-07-29T17:15:27+05:00","method":"GET","uri":"/lab360/dashboard","status":200,"ip":"::1","user_id":1,"duration_ms":11.28}
{"timestamp":"2026-07-29T17:15:31+05:00","method":"GET","uri":"/lab360/users","status":200,"ip":"::1","user_id":1,"duration_ms":23.03}
{"timestamp":"2026-07-29T17:15:33+05:00","method":"GET","uri":"/lab360/roles","status":200,"ip":"::1","user_id":1,"duration_ms":31.02}
{"timestamp":"2026-07-29T17:15:34+05:00","method":"GET","uri":"/lab360/permissions","status":200,"ip":"::1","user_id":1,"duration_ms":34.55}
{"timestamp":"2026-07-29T17:15:40+05:00","method":"GET","uri":"/lab360/roles","status":200,"ip":"::1","user_id":1,"duration_ms":22.26}
{"timestamp":"2026-07-29T17:15:46+05:00","method":"GET","uri":"/lab360/roles/create","status":200,"ip":"::1","user_id":1,"duration_ms":19.35}
{"timestamp":"2026-07-29T17:15:52+05:00","method":"POST","uri":"/lab360/roles/store","status":302,"ip":"::1","user_id":1,"duration_ms":9.91}
{"timestamp":"2026-07-29T17:15:52+05:00","method":"GET","uri":"/lab360/roles/create","status":200,"ip":"::1","user_id":1,"duration_ms":14.09}
{"timestamp":"2026-07-29T17:15:54+05:00","method":"POST","uri":"/lab360/roles/store","status":302,"ip":"::1","user_id":1,"duration_ms":11.64}
{"timestamp":"2026-07-29T17:15:54+05:00","method":"GET","uri":"/lab360/roles/create","status":200,"ip":"::1","user_id":1,"duration_ms":17.6}
{"timestamp":"2026-07-29T17:15:55+05:00","method":"POST","uri":"/lab360/roles/store","status":302,"ip":"::1","user_id":1,"duration_ms":9.06}
{"timestamp":"2026-07-29T17:15:55+05:00","method":"GET","uri":"/lab360/roles/create","status":200,"ip":"::1","user_id":1,"duration_ms":18.14}
{"timestamp":"2026-07-29T17:15:58+05:00","method":"POST","uri":"/lab360/roles/store","status":302,"ip":"::1","user_id":1,"duration_ms":15.53}
{"timestamp":"2026-07-29T17:15:58+05:00","method":"GET","uri":"/lab360/roles/create","status":200,"ip":"::1","user_id":1,"duration_ms":15.51}
{"timestamp":"2026-07-29T17:16:01+05:00","method":"POST","uri":"/lab360/roles/store","status":302,"ip":"::1","user_id":1,"duration_ms":12.87}
{"timestamp":"2026-07-29T17:16:01+05:00","method":"GET","uri":"/lab360/roles/create","status":200,"ip":"::1","user_id":1,"duration_ms":14.42}
{"timestamp":"2026-07-29T17:16:02+05:00","method":"POST","uri":"/lab360/roles/store","status":302,"ip":"::1","user_id":1,"duration_ms":10.82}
{"timestamp":"2026-07-29T17:16:02+05:00","method":"GET","uri":"/lab360/roles/create","status":200,"ip":"::1","user_id":1,"duration_ms":15.53}
{"timestamp":"2026-07-29T17:16:13+05:00","method":"POST","uri":"/lab360/roles/store","status":302,"ip":"::1","user_id":1,"duration_ms":17.49}
{"timestamp":"2026-07-29T17:16:13+05:00","method":"GET","uri":"/lab360/roles","status":200,"ip":"::1","user_id":1,"duration_ms":17.99}
{"timestamp":"2026-07-29T17:16:14+05:00","method":"GET","uri":"/lab360/roles/permissions?id=3","status":200,"ip":"::1","user_id":1,"duration_ms":31.84}
{"timestamp":"2026-07-29T17:16:49+05:00","method":"POST","uri":"/lab360/roles/permissions","status":302,"ip":"::1","user_id":1,"duration_ms":23.71}
{"timestamp":"2026-07-29T17:16:49+05:00","method":"GET","uri":"/lab360/roles","status":200,"ip":"::1","user_id":1,"duration_ms":19.68}
{"timestamp":"2026-07-29T17:16:54+05:00","method":"GET","uri":"/lab360/roles/permissions?id=3","status":200,"ip":"::1","user_id":1,"duration_ms":15.73}
{"timestamp":"2026-07-29T17:17:12+05:00","method":"POST","uri":"/lab360/roles/permissions","status":302,"ip":"::1","user_id":1,"duration_ms":11.91}
{"timestamp":"2026-07-29T17:17:12+05:00","method":"GET","uri":"/lab360/roles","status":200,"ip":"::1","user_id":1,"duration_ms":16.09}
{"timestamp":"2026-07-29T17:17:23+05:00","method":"GET","uri":"/lab360/roles/permissions?id=3","status":200,"ip":"::1","user_id":1,"duration_ms":18.18}
{"timestamp":"2026-07-29T17:17:25+05:00","method":"POST","uri":"/lab360/roles/permissions","status":302,"ip":"::1","user_id":1,"duration_ms":16.94}
{"timestamp":"2026-07-29T17:17:25+05:00","method":"GET","uri":"/lab360/roles","status":200,"ip":"::1","user_id":1,"duration_ms":19.29}
{"timestamp":"2026-07-29T17:17:30+05:00","method":"GET","uri":"/lab360/roles/permissions?id=3","status":200,"ip":"::1","user_id":1,"duration_ms":23.11}
{"timestamp":"2026-07-29T17:17:50+05:00","method":"GET","uri":"/lab360/roles","status":200,"ip":"::1","user_id":1,"duration_ms":19.7}
{"timestamp":"2026-07-29T17:17:53+05:00","method":"POST","uri":"/lab360/logout","status":302,"ip":"::1","user_id":null,"duration_ms":11.24}
{"timestamp":"2026-07-29T17:17:53+05:00","method":"GET","uri":"/lab360/login","status":200,"ip":"::1","user_id":null,"duration_ms":7.77}
{"timestamp":"2026-07-29T17:17:57+05:00","method":"POST","uri":"/lab360/login","status":302,"ip":"::1","user_id":null,"duration_ms":10.4}
{"timestamp":"2026-07-29T17:17:57+05:00","method":"GET","uri":"/lab360/login","status":200,"ip":"::1","user_id":null,"duration_ms":9.41}
{"timestamp":"2026-07-29T17:18:03+05:00","method":"POST","uri":"/lab360/login","status":302,"ip":"::1","user_id":null,"duration_ms":11.02}
{"timestamp":"2026-07-29T17:18:03+05:00","method":"GET","uri":"/lab360/login","status":200,"ip":"::1","user_id":null,"duration_ms":6.95}
{"timestamp":"2026-07-29T17:18:10+05:00","method":"POST","uri":"/lab360/login","status":302,"ip":"::1","user_id":2,"duration_ms":27.37}
{"timestamp":"2026-07-29T17:18:10+05:00","method":"GET","uri":"/lab360/dashboard","status":200,"ip":"::1","user_id":2,"duration_ms":9.16}
{"timestamp":"2026-07-29T17:18:16+05:00","method":"GET","uri":"/lab360/users","status":200,"ip":"::1","user_id":2,"duration_ms":19.94}
{"timestamp":"2026-07-29T17:18:19+05:00","method":"GET","uri":"/lab360/roles","status":200,"ip":"::1","user_id":2,"duration_ms":25.66}
{"timestamp":"2026-07-29T17:30:37+05:00","method":"GET","uri":"/lab360/dashboard","status":200,"ip":"::1","user_id":2,"duration_ms":15.63}
{"timestamp":"2026-07-29T17:30:39+05:00","method":"GET","uri":"/lab360/users","status":200,"ip":"::1","user_id":2,"duration_ms":19.71}
{"timestamp":"2026-07-29T17:31:43+05:00","method":"GET","uri":"/lab360/rate-limits","status":200,"ip":"::1","user_id":2,"duration_ms":28.15}
{"timestamp":"2026-07-29T17:31:46+05:00","method":"GET","uri":"/lab360/logs","status":200,"ip":"::1","user_id":2,"duration_ms":27.89}
{"timestamp":"2026-07-29T17:31:50+05:00","method":"GET","uri":"/lab360/app-settings","status":200,"ip":"::1","user_id":2,"duration_ms":19.6}
{"timestamp":"2026-07-29T17:31:53+05:00","method":"GET","uri":"/lab360/database-backup","status":200,"ip":"::1","user_id":2,"duration_ms":15.76}
{"timestamp":"2026-07-29T17:31:57+05:00","method":"GET","uri":"/lab360/dashboard","status":200,"ip":"::1","user_id":2,"duration_ms":15.77}
{"timestamp":"2026-07-29T17:32:11+05:00","method":"GET","uri":"/lab360/dashboard","status":200,"ip":"::1","user_id":2,"duration_ms":21.22}
{"timestamp":"2026-07-29T17:32:13+05:00","method":"GET","uri":"/lab360/app-settings","status":200,"ip":"::1","user_id":2,"duration_ms":14.63}
{"timestamp":"2026-07-29T17:32:30+05:00","method":"GET","uri":"/lab360/app-settings","status":200,"ip":"::1","user_id":2,"duration_ms":17.57}
{"timestamp":"2026-07-29T17:32:33+05:00","method":"POST","uri":"/lab360/logout","status":302,"ip":"::1","user_id":null,"duration_ms":5.98}
{"timestamp":"2026-07-29T17:32:33+05:00","method":"GET","uri":"/lab360/login","status":200,"ip":"::1","user_id":null,"duration_ms":6.8}
{"timestamp":"2026-07-29T17:32:42+05:00","method":"POST","uri":"/lab360/login","status":302,"ip":"::1","user_id":2,"duration_ms":32.61}
{"timestamp":"2026-07-29T17:32:42+05:00","method":"GET","uri":"/lab360/dashboard","status":200,"ip":"::1","user_id":2,"duration_ms":9.39}
{"timestamp":"2026-07-29T17:32:48+05:00","method":"GET","uri":"/lab360/permissions","status":200,"ip":"::1","user_id":2,"duration_ms":24.14}
{"timestamp":"2026-07-29T17:32:50+05:00","method":"POST","uri":"/lab360/logout","status":302,"ip":"::1","user_id":null,"duration_ms":12.11}
{"timestamp":"2026-07-29T17:32:50+05:00","method":"GET","uri":"/lab360/login","status":200,"ip":"::1","user_id":null,"duration_ms":5.19}
{"timestamp":"2026-07-29T17:32:54+05:00","method":"POST","uri":"/lab360/login","status":302,"ip":"::1","user_id":1,"duration_ms":29.28}
{"timestamp":"2026-07-29T17:32:54+05:00","method":"GET","uri":"/lab360/dashboard","status":200,"ip":"::1","user_id":1,"duration_ms":8.06}
{"timestamp":"2026-07-29T17:32:58+05:00","method":"GET","uri":"/lab360/app-settings","status":403,"ip":"::1","user_id":1,"duration_ms":8.46}
{"timestamp":"2026-07-29T17:33:00+05:00","method":"GET","uri":"/lab360/dashboard","status":200,"ip":"::1","user_id":1,"duration_ms":11.03}
{"timestamp":"2026-07-29T17:33:02+05:00","method":"GET","uri":"/lab360/users","status":200,"ip":"::1","user_id":1,"duration_ms":27.85}
{"timestamp":"2026-07-29T17:33:05+05:00","method":"GET","uri":"/lab360/users","status":200,"ip":"::1","user_id":1,"duration_ms":13.51}
{"timestamp":"2026-07-29T17:33:09+05:00","method":"GET","uri":"/lab360/users/edit?id=2","status":200,"ip":"::1","user_id":1,"duration_ms":13.66}
{"timestamp":"2026-07-29T17:35:59+05:00","method":"GET","uri":"/lab360/users","status":200,"ip":"::1","user_id":1,"duration_ms":26.66}
{"timestamp":"2026-07-29T17:36:06+05:00","method":"GET","uri":"/lab360/users","status":200,"ip":"::1","user_id":1,"duration_ms":21.31}
{"timestamp":"2026-07-29T17:38:09+05:00","method":"GET","uri":"/lab360/dashboard","status":200,"ip":"::1","user_id":1,"duration_ms":19.43}
{"timestamp":"2026-07-29T17:39:16+05:00","method":"GET","uri":"/lab360/dashboard","status":200,"ip":"::1","user_id":1,"duration_ms":14.05}
{"timestamp":"2026-07-29T17:39:45+05:00","method":"GET","uri":"/lab360/roles","status":200,"ip":"::1","user_id":1,"duration_ms":21.46}
{"timestamp":"2026-07-29T17:44:34+05:00","method":"GET","uri":"/lab360/dashboard","status":200,"ip":"::1","user_id":1,"duration_ms":22.84}
{"timestamp":"2026-07-29T17:44:36+05:00","method":"GET","uri":"/lab360/users","status":200,"ip":"::1","user_id":1,"duration_ms":26.05}
{"timestamp":"2026-07-29T17:44:38+05:00","method":"GET","uri":"/lab360/dashboard","status":200,"ip":"::1","user_id":1,"duration_ms":21.11}
{"timestamp":"2026-07-29T17:44:40+05:00","method":"GET","uri":"/lab360/users","status":200,"ip":"::1","user_id":1,"duration_ms":26.64}
{"timestamp":"2026-07-29T17:44:57+05:00","method":"GET","uri":"/lab360/users/delete?id=2","status":200,"ip":"::1","user_id":1,"duration_ms":21.61}
{"timestamp":"2026-07-29T17:44:58+05:00","method":"GET","uri":"/lab360/users","status":200,"ip":"::1","user_id":1,"duration_ms":24.16}
{"timestamp":"2026-07-29T17:45:07+05:00","method":"GET","uri":"/lab360/users/delete?id=2","status":200,"ip":"::1","user_id":1,"duration_ms":22.7}
{"timestamp":"2026-07-29T17:45:09+05:00","method":"GET","uri":"/lab360/users","status":200,"ip":"::1","user_id":1,"duration_ms":26.79}
{"timestamp":"2026-07-29T17:50:04+05:00","method":"GET","uri":"/lab360/users","status":200,"ip":"::1","user_id":1,"duration_ms":25.68}
{"timestamp":"2026-07-29T17:50:04+05:00","method":"GET","uri":"/lab360/users","status":200,"ip":"::1","user_id":1,"duration_ms":23.2}
{"timestamp":"2026-07-29T17:50:06+05:00","method":"GET","uri":"/lab360/activity-logs","status":200,"ip":"::1","user_id":1,"duration_ms":26.61}
{"timestamp":"2026-07-29T17:50:08+05:00","method":"GET","uri":"/lab360/dashboard","status":200,"ip":"::1","user_id":1,"duration_ms":22.78}
{"timestamp":"2026-07-29T17:50:09+05:00","method":"GET","uri":"/lab360/activity-logs","status":200,"ip":"::1","user_id":1,"duration_ms":21.87}
{"timestamp":"2026-07-29T17:52:38+05:00","method":"GET","uri":"/lab360/activity-logs?date=2026-07-29&per_page=25","status":200,"ip":"::1","user_id":1,"duration_ms":14.97}
{"timestamp":"2026-07-29T17:52:41+05:00","method":"GET","uri":"/lab360/activity-logs?date=2026-07-28&per_page=25","status":200,"ip":"::1","user_id":1,"duration_ms":19.91}
{"timestamp":"2026-07-29T17:52:43+05:00","method":"GET","uri":"/lab360/activity-logs?date=2026-07-28&per_page=25","status":200,"ip":"::1","user_id":1,"duration_ms":21.86}
{"timestamp":"2026-07-29T17:52:46+05:00","method":"GET","uri":"/lab360/dashboard","status":200,"ip":"::1","user_id":1,"duration_ms":15.32}
{"timestamp":"2026-07-29T17:52:47+05:00","method":"GET","uri":"/lab360/users","status":200,"ip":"::1","user_id":1,"duration_ms":33.21}
{"timestamp":"2026-07-29T17:52:48+05:00","method":"GET","uri":"/lab360/users/create","status":200,"ip":"::1","user_id":1,"duration_ms":19.76}
{"timestamp":"2026-07-29T17:52:56+05:00","method":"POST","uri":"/lab360/users/store","status":302,"ip":"::1","user_id":1,"duration_ms":34.9}
{"timestamp":"2026-07-29T17:52:56+05:00","method":"GET","uri":"/lab360/users","status":200,"ip":"::1","user_id":1,"duration_ms":16.47}
{"timestamp":"2026-07-29T17:52:58+05:00","method":"GET","uri":"/lab360/activity-logs","status":200,"ip":"::1","user_id":1,"duration_ms":22.28}
{"timestamp":"2026-07-29T17:53:09+05:00","method":"GET","uri":"/lab360/activity-logs?date=2026-07-29&per_page=10","status":200,"ip":"::1","user_id":1,"duration_ms":17.08}
{"timestamp":"2026-07-29T17:53:12+05:00","method":"GET","uri":"/lab360/activity-logs?date=2026-07-29&per_page=5","status":200,"ip":"::1","user_id":1,"duration_ms":15.28}
{"timestamp":"2026-07-29T17:53:16+05:00","method":"GET","uri":"/lab360/users","status":200,"ip":"::1","user_id":1,"duration_ms":20.17}
{"timestamp":"2026-07-29T17:53:25+05:00","method":"GET","uri":"/lab360/roles","status":200,"ip":"::1","user_id":1,"duration_ms":31.73}
{"timestamp":"2026-07-29T17:53:28+05:00","method":"GET","uri":"/lab360/permissions","status":200,"ip":"::1","user_id":1,"duration_ms":21.46}
{"timestamp":"2026-07-29T17:53:36+05:00","method":"GET","uri":"/lab360/users","status":200,"ip":"::1","user_id":1,"duration_ms":26.06}
{"timestamp":"2026-07-29T17:54:12+05:00","method":"GET","uri":"/lab360/dashboard","status":200,"ip":"::1","user_id":1,"duration_ms":20.66}
{"timestamp":"2026-07-29T17:54:15+05:00","method":"GET","uri":"/lab360/profile","status":200,"ip":"::1","user_id":1,"duration_ms":21.63}
{"timestamp":"2026-07-29T17:54:21+05:00","method":"GET","uri":"/lab360/profile","status":200,"ip":"::1","user_id":1,"duration_ms":24.29}
{"timestamp":"2026-07-29T17:54:23+05:00","method":"GET","uri":"/lab360/dashboard","status":200,"ip":"::1","user_id":1,"duration_ms":22.13}
{"timestamp":"2026-07-29T17:54:25+05:00","method":"GET","uri":"/lab360/dashboard","status":200,"ip":"::1","user_id":1,"duration_ms":24.36}
{"timestamp":"2026-07-29T17:54:28+05:00","method":"GET","uri":"/lab360/users","status":200,"ip":"::1","user_id":1,"duration_ms":18.56}
{"timestamp":"2026-07-29T17:54:30+05:00","method":"GET","uri":"/lab360/profile","status":200,"ip":"::1","user_id":1,"duration_ms":18.63}
{"timestamp":"2026-07-29T17:54:34+05:00","method":"GET","uri":"/lab360/profile","status":200,"ip":"::1","user_id":1,"duration_ms":21.96}
{"timestamp":"2026-07-29T17:54:36+05:00","method":"GET","uri":"/lab360/profile","status":200,"ip":"::1","user_id":1,"duration_ms":19.34}
{"timestamp":"2026-07-29T17:55:13+05:00","method":"GET","uri":"/lab360/roles","status":200,"ip":"::1","user_id":1,"duration_ms":28.36}
{"timestamp":"2026-07-29T17:58:18+05:00","method":"GET","uri":"/lab360/users","status":200,"ip":"::1","user_id":1,"duration_ms":27.49}
{"timestamp":"2026-07-29T17:58:21+05:00","method":"GET","uri":"/lab360/roles","status":200,"ip":"::1","user_id":1,"duration_ms":18.26}
{"timestamp":"2026-07-29T17:58:23+05:00","method":"GET","uri":"/lab360/activity-logs","status":200,"ip":"::1","user_id":1,"duration_ms":21.86}
{"timestamp":"2026-07-29T17:58:28+05:00","method":"GET","uri":"/lab360/activity-logs?date=2026-07-29&per_page=25","status":200,"ip":"::1","user_id":1,"duration_ms":18.88}
{"timestamp":"2026-07-29T17:58:30+05:00","method":"GET","uri":"/lab360/profile/password","status":200,"ip":"::1","user_id":1,"duration_ms":17.06}
{"timestamp":"2026-07-29T17:58:40+05:00","method":"POST","uri":"/lab360/profile/password","status":302,"ip":"::1","user_id":1,"duration_ms":23.51}
{"timestamp":"2026-07-29T17:58:40+05:00","method":"GET","uri":"/lab360/profile/password","status":200,"ip":"::1","user_id":1,"duration_ms":9.67}
{"timestamp":"2026-07-29T17:58:47+05:00","method":"POST","uri":"/lab360/profile/password","status":302,"ip":"::1","user_id":1,"duration_ms":62.79}
{"timestamp":"2026-07-29T17:58:47+05:00","method":"GET","uri":"/lab360/profile","status":200,"ip":"::1","user_id":1,"duration_ms":12.2}
{"timestamp":"2026-07-29T17:58:54+05:00","method":"GET","uri":"/lab360/profile","status":200,"ip":"::1","user_id":1,"duration_ms":22.47}
{"timestamp":"2026-07-29T17:58:55+05:00","method":"GET","uri":"/lab360/profile/password","status":200,"ip":"::1","user_id":1,"duration_ms":14.79}
{"timestamp":"2026-07-29T17:58:57+05:00","method":"GET","uri":"/lab360/profile","status":200,"ip":"::1","user_id":1,"duration_ms":15.71}
{"timestamp":"2026-07-29T17:59:18+05:00","method":"POST","uri":"/lab360/logout","status":302,"ip":"::1","user_id":null,"duration_ms":13.46}
{"timestamp":"2026-07-29T17:59:18+05:00","method":"GET","uri":"/lab360/login","status":200,"ip":"::1","user_id":null,"duration_ms":7.8}
{"timestamp":"2026-07-29T17:59:26+05:00","method":"POST","uri":"/lab360/login","status":302,"ip":"::1","user_id":2,"duration_ms":33.88}
{"timestamp":"2026-07-29T17:59:26+05:00","method":"GET","uri":"/lab360/dashboard","status":200,"ip":"::1","user_id":2,"duration_ms":8.66}
{"timestamp":"2026-07-29T17:59:30+05:00","method":"GET","uri":"/lab360/profile","status":200,"ip":"::1","user_id":2,"duration_ms":19.57}
{"timestamp":"2026-07-29T18:00:06+05:00","method":"POST","uri":"/lab360/logout","status":302,"ip":"::1","user_id":null,"duration_ms":16.21}
{"timestamp":"2026-07-29T18:00:06+05:00","method":"GET","uri":"/lab360/login","status":200,"ip":"::1","user_id":null,"duration_ms":5.97}
{"timestamp":"2026-07-29T18:01:57+05:00","method":"POST","uri":"/lab360/login","status":302,"ip":"::1","user_id":2,"duration_ms":35.32}
{"timestamp":"2026-07-29T18:01:57+05:00","method":"GET","uri":"/lab360/dashboard","status":200,"ip":"::1","user_id":2,"duration_ms":11.42}
{"timestamp":"2026-07-29T18:02:05+05:00","method":"GET","uri":"/lab360/users","status":200,"ip":"::1","user_id":2,"duration_ms":19.08}
{"timestamp":"2026-07-29T18:02:09+05:00","method":"GET","uri":"/lab360/roles","status":200,"ip":"::1","user_id":2,"duration_ms":30.92}
{"timestamp":"2026-07-29T18:02:11+05:00","method":"GET","uri":"/lab360/permissions","status":200,"ip":"::1","user_id":2,"duration_ms":26.74}
{"timestamp":"2026-07-29T18:02:13+05:00","method":"GET","uri":"/lab360/activity-logs","status":200,"ip":"::1","user_id":2,"duration_ms":24.18}
{"timestamp":"2026-07-29T18:02:18+05:00","method":"GET","uri":"/lab360/app-settings","status":200,"ip":"::1","user_id":2,"duration_ms":17.71}
{"timestamp":"2026-07-29T18:02:23+05:00","method":"POST","uri":"/lab360/app-settings","status":302,"ip":"::1","user_id":2,"duration_ms":20.72}
{"timestamp":"2026-07-29T18:02:23+05:00","method":"GET","uri":"/lab360/app-settings","status":200,"ip":"::1","user_id":2,"duration_ms":24.22}
{"timestamp":"2026-07-29T18:02:32+05:00","method":"POST","uri":"/lab360/app-settings","status":302,"ip":"::1","user_id":2,"duration_ms":18.35}
{"timestamp":"2026-07-29T18:02:32+05:00","method":"GET","uri":"/lab360/app-settings","status":200,"ip":"::1","user_id":2,"duration_ms":15.85}
{"timestamp":"2026-07-29T18:02:37+05:00","method":"GET","uri":"/lab360/logs","status":200,"ip":"::1","user_id":2,"duration_ms":30.15}
{"timestamp":"2026-07-29T18:02:41+05:00","method":"GET","uri":"/lab360/rate-limits","status":200,"ip":"::1","user_id":2,"duration_ms":21.23}
{"timestamp":"2026-07-29T18:03:16+05:00","method":"POST","uri":"/lab360/rate-limits/unblock","status":302,"ip":"::1","user_id":2,"duration_ms":17.54}
{"timestamp":"2026-07-29T18:03:16+05:00","method":"GET","uri":"/lab360/rate-limits","status":200,"ip":"::1","user_id":2,"duration_ms":20.92}
{"timestamp":"2026-07-29T18:03:49+05:00","method":"GET","uri":"/lab360/database-backup","status":200,"ip":"::1","user_id":2,"duration_ms":15.7}
{"timestamp":"2026-07-29T18:03:51+05:00","method":"GET","uri":"/lab360/database-backup/database","status":200,"ip":"::1","user_id":2,"duration_ms":25.77}
{"timestamp":"2026-07-29T18:03:55+05:00","method":"GET","uri":"/lab360/database-backup/uploads","status":200,"ip":"::1","user_id":2,"duration_ms":34.24}
{"timestamp":"2026-07-29T18:03:59+05:00","method":"GET","uri":"/lab360/database-backup/full","status":200,"ip":"::1","user_id":2,"duration_ms":35.31}
{"timestamp":"2026-07-29T18:04:18+05:00","method":"GET","uri":"/lab360/profile","status":200,"ip":"::1","user_id":2,"duration_ms":20.25}
{"timestamp":"2026-07-29T18:04:44+05:00","method":"POST","uri":"/lab360/logout","status":302,"ip":"::1","user_id":null,"duration_ms":14.45}
{"timestamp":"2026-07-29T18:04:44+05:00","method":"GET","uri":"/lab360/login","status":200,"ip":"::1","user_id":null,"duration_ms":4.92}
{"timestamp":"2026-07-29T18:04:54+05:00","method":"POST","uri":"/lab360/login","status":302,"ip":"::1","user_id":1,"duration_ms":36.85}
{"timestamp":"2026-07-29T18:04:54+05:00","method":"GET","uri":"/lab360/dashboard","status":200,"ip":"::1","user_id":1,"duration_ms":8.92}
{"timestamp":"2026-07-29T18:04:57+05:00","method":"GET","uri":"/lab360/profile","status":200,"ip":"::1","user_id":1,"duration_ms":30.54}
{"timestamp":"2026-07-29T18:05:10+05:00","method":"GET","uri":"/lab360/profile","status":200,"ip":"::1","user_id":1,"duration_ms":21.33}
{"timestamp":"2026-07-29T18:05:13+05:00","method":"GET","uri":"/lab360/profile","status":200,"ip":"::1","user_id":1,"duration_ms":22.38}
{"timestamp":"2026-07-29T18:05:15+05:00","method":"GET","uri":"/lab360/profile/password","status":200,"ip":"::1","user_id":1,"duration_ms":21.64}
{"timestamp":"2026-07-29T18:06:18+05:00","method":"GET","uri":"/lab360/dashboard","status":200,"ip":"::1","user_id":1,"duration_ms":26.35}
{"timestamp":"2026-07-29T18:06:19+05:00","method":"GET","uri":"/lab360/users","status":200,"ip":"::1","user_id":1,"duration_ms":20.22}
{"timestamp":"2026-07-29T18:06:20+05:00","method":"GET","uri":"/lab360/users/create","status":200,"ip":"::1","user_id":1,"duration_ms":28.78}
{"timestamp":"2026-07-29T18:06:22+05:00","method":"GET","uri":"/lab360/users","status":200,"ip":"::1","user_id":1,"duration_ms":26.97}
{"timestamp":"2026-07-29T18:06:22+05:00","method":"GET","uri":"/lab360/users/create","status":200,"ip":"::1","user_id":1,"duration_ms":27.88}
{"timestamp":"2026-07-29T18:06:25+05:00","method":"POST","uri":"/lab360/users/store","status":302,"ip":"::1","user_id":1,"duration_ms":36.49}
{"timestamp":"2026-07-29T18:06:25+05:00","method":"GET","uri":"/lab360/users","status":200,"ip":"::1","user_id":1,"duration_ms":17.84}
{"timestamp":"2026-07-29T18:06:34+05:00","method":"GET","uri":"/lab360/users/create","status":200,"ip":"::1","user_id":1,"duration_ms":20.74}
{"timestamp":"2026-07-29T18:06:59+05:00","method":"GET","uri":"/lab360/dashboard","status":200,"ip":"::1","user_id":1,"duration_ms":16.2}
{"timestamp":"2026-07-29T18:12:56+05:00","method":"GET","uri":"/lab360/users","status":200,"ip":"::1","user_id":1,"duration_ms":28.12}
{"timestamp":"2026-07-29T18:13:00+05:00","method":"GET","uri":"/lab360/users/create","status":200,"ip":"::1","user_id":1,"duration_ms":25.7}
{"timestamp":"2026-07-29T18:13:03+05:00","method":"POST","uri":"/lab360/users/store","status":302,"ip":"::1","user_id":1,"duration_ms":35.27}
{"timestamp":"2026-07-29T18:13:03+05:00","method":"GET","uri":"/lab360/users","status":200,"ip":"::1","user_id":1,"duration_ms":17.37}
{"timestamp":"2026-07-29T18:13:05+05:00","method":"GET","uri":"/lab360/users","status":200,"ip":"::1","user_id":1,"duration_ms":39.44}
{"timestamp":"2026-07-29T18:13:05+05:00","method":"GET","uri":"/lab360/users","status":200,"ip":"::1","user_id":1,"duration_ms":28.67}
{"timestamp":"2026-07-29T18:13:05+05:00","method":"GET","uri":"/lab360/users","status":200,"ip":"::1","user_id":1,"duration_ms":30.56}
{"timestamp":"2026-07-29T18:13:06+05:00","method":"GET","uri":"/lab360/users","status":200,"ip":"::1","user_id":1,"duration_ms":33.56}
{"timestamp":"2026-07-29T18:13:06+05:00","method":"GET","uri":"/lab360/users","status":200,"ip":"::1","user_id":1,"duration_ms":28.65}
{"timestamp":"2026-07-29T18:13:06+05:00","method":"GET","uri":"/lab360/users","status":200,"ip":"::1","user_id":1,"duration_ms":40.13}
{"timestamp":"2026-07-29T18:13:06+05:00","method":"GET","uri":"/lab360/users","status":200,"ip":"::1","user_id":1,"duration_ms":36.3}
{"timestamp":"2026-07-29T18:13:06+05:00","method":"GET","uri":"/lab360/users","status":200,"ip":"::1","user_id":1,"duration_ms":38.62}
{"timestamp":"2026-07-29T18:13:06+05:00","method":"GET","uri":"/lab360/users","status":200,"ip":"::1","user_id":1,"duration_ms":25.1}
{"timestamp":"2026-07-29T18:13:17+05:00","method":"GET","uri":"/lab360/roles","status":200,"ip":"::1","user_id":1,"duration_ms":22.12}
{"timestamp":"2026-07-29T18:13:18+05:00","method":"GET","uri":"/lab360/roles/create","status":200,"ip":"::1","user_id":1,"duration_ms":26.53}
{"timestamp":"2026-07-29T18:13:22+05:00","method":"POST","uri":"/lab360/roles/store","status":302,"ip":"::1","user_id":1,"duration_ms":9.92}
{"timestamp":"2026-07-29T18:13:22+05:00","method":"GET","uri":"/lab360/roles","status":200,"ip":"::1","user_id":1,"duration_ms":12.34}
{"timestamp":"2026-07-29T18:13:24+05:00","method":"GET","uri":"/lab360/users","status":200,"ip":"::1","user_id":1,"duration_ms":30.77}
{"timestamp":"2026-07-29T18:13:25+05:00","method":"GET","uri":"/lab360/users/create","status":200,"ip":"::1","user_id":1,"duration_ms":23.67}
{"timestamp":"2026-07-29T18:13:30+05:00","method":"POST","uri":"/lab360/users/store","status":302,"ip":"::1","user_id":1,"duration_ms":43.2}
{"timestamp":"2026-07-29T18:13:30+05:00","method":"GET","uri":"/lab360/users","status":200,"ip":"::1","user_id":1,"duration_ms":17.77}
{"timestamp":"2026-07-29T18:13:32+05:00","method":"GET","uri":"/lab360/users/delete?id=4","status":200,"ip":"::1","user_id":1,"duration_ms":24.47}
{"timestamp":"2026-07-29T18:13:33+05:00","method":"POST","uri":"/lab360/users/destroy","status":302,"ip":"::1","user_id":1,"duration_ms":19.27}
{"timestamp":"2026-07-29T18:13:33+05:00","method":"GET","uri":"/lab360/users","status":200,"ip":"::1","user_id":1,"duration_ms":22.03}
{"timestamp":"2026-07-29T18:13:38+05:00","method":"GET","uri":"/lab360/profile/password","status":200,"ip":"::1","user_id":1,"duration_ms":17.8}
{"timestamp":"2026-07-29T18:13:39+05:00","method":"GET","uri":"/lab360/profile","status":200,"ip":"::1","user_id":1,"duration_ms":30.86}
{"timestamp":"2026-07-29T18:13:43+05:00","method":"GET","uri":"/lab360/dashboard","status":200,"ip":"::1","user_id":1,"duration_ms":21.38}
{"timestamp":"2026-07-29T18:13:45+05:00","method":"GET","uri":"/lab360/users","status":200,"ip":"::1","user_id":1,"duration_ms":27.74}
{"timestamp":"2026-07-29T18:13:48+05:00","method":"GET","uri":"/lab360/dashboard","status":200,"ip":"::1","user_id":1,"duration_ms":21.54}
{"timestamp":"2026-07-29T18:13:54+05:00","method":"POST","uri":"/lab360/logout","status":302,"ip":"::1","user_id":null,"duration_ms":11.92}
{"timestamp":"2026-07-29T18:13:54+05:00","method":"GET","uri":"/lab360/login","status":200,"ip":"::1","user_id":null,"duration_ms":9.42}
{"timestamp":"2026-07-29T18:13:57+05:00","method":"GET","uri":"/lab360/login","status":200,"ip":"::1","user_id":null,"duration_ms":11}
{"timestamp":"2026-07-29T18:13:58+05:00","method":"GET","uri":"/lab360/login","status":200,"ip":"::1","user_id":null,"duration_ms":9.27}
{"timestamp":"2026-07-29T18:13:59+05:00","method":"GET","uri":"/lab360/login","status":200,"ip":"::1","user_id":null,"duration_ms":8.32}
{"timestamp":"2026-07-29T18:14:52+05:00","method":"GET","uri":"/lab360/login","status":200,"ip":"::1","user_id":null,"duration_ms":4.15}
{"timestamp":"2026-07-29T18:15:23+05:00","method":"GET","uri":"/lab360/login","status":200,"ip":"::1","user_id":null,"duration_ms":6.85}
{"timestamp":"2026-07-29T18:15:24+05:00","method":"GET","uri":"/lab360/login","status":200,"ip":"::1","user_id":null,"duration_ms":8.15}
{"timestamp":"2026-07-29T18:15:24+05:00","method":"GET","uri":"/lab360/login","status":200,"ip":"::1","user_id":null,"duration_ms":5.35}
{"timestamp":"2026-07-29T18:15:24+05:00","method":"GET","uri":"/lab360/login","status":200,"ip":"::1","user_id":null,"duration_ms":7.57}
{"timestamp":"2026-07-29T18:41:13+05:00","method":"GET","uri":"/lab360/","status":302,"ip":"::1","user_id":null,"duration_ms":12.01}
{"timestamp":"2026-07-29T18:41:13+05:00","method":"GET","uri":"/lab360/login","status":200,"ip":"::1","user_id":null,"duration_ms":8.18}
{"timestamp":"2026-07-29T18:41:26+05:00","method":"GET","uri":"/lab360/login","status":200,"ip":"::1","user_id":null,"duration_ms":5.41}
{"timestamp":"2026-07-29T18:42:09+05:00","method":"GET","uri":"/lab360/login","status":200,"ip":"::1","user_id":null,"duration_ms":10.75}
{"timestamp":"2026-07-29T18:42:10+05:00","method":"GET","uri":"/lab360/login","status":200,"ip":"::1","user_id":null,"duration_ms":12.36}
{"timestamp":"2026-07-29T18:42:32+05:00","method":"GET","uri":"/lab360/login","status":200,"ip":"::1","user_id":null,"duration_ms":10.05}
{"timestamp":"2026-07-29T18:42:32+05:00","method":"GET","uri":"/lab360/login","status":200,"ip":"::1","user_id":null,"duration_ms":9.79}
{"timestamp":"2026-07-29T18:42:32+05:00","method":"GET","uri":"/lab360/login","status":200,"ip":"::1","user_id":null,"duration_ms":5.46}
{"timestamp":"2026-07-29T18:42:32+05:00","method":"GET","uri":"/lab360/login","status":200,"ip":"::1","user_id":null,"duration_ms":5.88}
{"timestamp":"2026-07-29T18:42:35+05:00","method":"GET","uri":"/lab360/login","status":200,"ip":"::1","user_id":null,"duration_ms":4.83}
{"timestamp":"2026-07-29T18:42:35+05:00","method":"GET","uri":"/lab360/login","status":200,"ip":"::1","user_id":null,"duration_ms":5.57}
{"timestamp":"2026-07-29T18:44:33+05:00","method":"POST","uri":"/lab360/login","status":200,"ip":"::1","user_id":null,"duration_ms":43.34}
{"timestamp":"2026-07-29T18:44:42+05:00","method":"POST","uri":"/lab360/login","status":302,"ip":"::1","user_id":1,"duration_ms":38.39}
{"timestamp":"2026-07-29T18:44:42+05:00","method":"GET","uri":"/lab360/dashboard","status":200,"ip":"::1","user_id":1,"duration_ms":12.01}
{"timestamp":"2026-07-29T18:45:05+05:00","method":"GET","uri":"/lab360/dashboard","status":500,"ip":"::1","user_id":1,"duration_ms":7.46}
{"timestamp":"2026-07-29T18:45:14+05:00","method":"GET","uri":"/lab360/dashboard","status":200,"ip":"::1","user_id":1,"duration_ms":11.94}
{"timestamp":"2026-07-29T18:45:18+05:00","method":"GET","uri":"/lab360/users","status":200,"ip":"::1","user_id":1,"duration_ms":33.39}
{"timestamp":"2026-07-29T18:45:19+05:00","method":"GET","uri":"/lab360/users","status":200,"ip":"::1","user_id":1,"duration_ms":27.74}
{"timestamp":"2026-07-29T18:45:19+05:00","method":"GET","uri":"/lab360/users","status":200,"ip":"::1","user_id":1,"duration_ms":21.53}
{"timestamp":"2026-07-29T18:45:20+05:00","method":"GET","uri":"/lab360/users","status":200,"ip":"::1","user_id":1,"duration_ms":25.5}
{"timestamp":"2026-07-29T18:45:29+05:00","method":"GET","uri":"/lab360/users","status":200,"ip":"::1","user_id":1,"duration_ms":36.91}
{"timestamp":"2026-07-29T18:56:10+05:00","method":"GET","uri":"/lab360/dashboard","status":200,"ip":"::1","user_id":1,"duration_ms":21.82}
{"timestamp":"2026-07-29T19:03:19+05:00","method":"GET","uri":"/lab360/dashboard","status":200,"ip":"::1","user_id":1,"duration_ms":19.52}
{"timestamp":"2026-07-29T19:03:21+05:00","method":"GET","uri":"/lab360/users","status":200,"ip":"::1","user_id":1,"duration_ms":12.86}
{"timestamp":"2026-07-29T19:03:30+05:00","method":"GET","uri":"/lab360/users","status":200,"ip":"::1","user_id":1,"duration_ms":31.93}
{"timestamp":"2026-07-29T19:03:37+05:00","method":"GET","uri":"/lab360/users","status":200,"ip":"::1","user_id":1,"duration_ms":31.1}
{"timestamp":"2026-07-29T19:03:39+05:00","method":"POST","uri":"/lab360/logout","status":302,"ip":"::1","user_id":null,"duration_ms":13.48}
{"timestamp":"2026-07-29T19:03:39+05:00","method":"GET","uri":"/lab360/login","status":200,"ip":"::1","user_id":null,"duration_ms":8.75}
{"timestamp":"2026-07-29T19:03:43+05:00","method":"POST","uri":"/lab360/login","status":302,"ip":"::1","user_id":2,"duration_ms":25.94}
{"timestamp":"2026-07-29T19:03:43+05:00","method":"GET","uri":"/lab360/dashboard","status":200,"ip":"::1","user_id":2,"duration_ms":9.69}
{"timestamp":"2026-07-29T19:28:49+05:00","method":"GET","uri":"/health","status":200,"ip":"127.0.0.1","user_id":null,"duration_ms":13.88}
{"timestamp":"2026-07-29T19:30:15+05:00","method":"GET","uri":"/lab360/health","status":200,"ip":"::1","user_id":2,"duration_ms":18.65}
{"timestamp":"2026-07-29T19:30:19+05:00","method":"POST","uri":"/lab360/logout","status":302,"ip":"::1","user_id":null,"duration_ms":21.39}
{"timestamp":"2026-07-29T19:30:19+05:00","method":"GET","uri":"/lab360/login","status":200,"ip":"::1","user_id":null,"duration_ms":13.14}
{"timestamp":"2026-07-29T19:30:23+05:00","method":"GET","uri":"/lab360/health","status":200,"ip":"::1","user_id":null,"duration_ms":13.86}
{"timestamp":"2026-07-29T19:59:26+05:00","method":"GET","uri":"/health","status":503,"ip":"127.0.0.1","user_id":null,"duration_ms":6.49}
