{"timestamp":"2026-08-18T13:09:49+05:00","method":"GET","uri":"/php-mvc-starter/external-api/posts","status":200,"ip":"::1","user_id":null,"duration_ms":401.59}
{"timestamp":"2026-08-18T13:09:52+05:00","method":"GET","uri":"/php-mvc-starter/","status":302,"ip":"::1","user_id":null,"duration_ms":23.96}
{"timestamp":"2026-08-18T13:09:52+05:00","method":"GET","uri":"/php-mvc-starter/login","status":200,"ip":"::1","user_id":null,"duration_ms":15.5}
{"timestamp":"2026-08-18T13:09:58+05:00","method":"POST","uri":"/php-mvc-starter/login","status":302,"ip":"::1","user_id":2,"duration_ms":44.88}
{"timestamp":"2026-08-18T13:09:58+05:00","method":"GET","uri":"/php-mvc-starter/dashboard","status":200,"ip":"::1","user_id":2,"duration_ms":15.57}
{"timestamp":"2026-08-18T13:22:59+05:00","method":"GET","uri":"/php-mvc-starter/dashboard","status":200,"ip":"::1","user_id":2,"duration_ms":46.14}
{"timestamp":"2026-08-18T13:23:27+05:00","method":"GET","uri":"/php-mvc-starter/dashboard","status":200,"ip":"::1","user_id":2,"duration_ms":33.77}
{"timestamp":"2026-08-18T13:23:35+05:00","method":"GET","uri":"/php-mvc-starter/email-settings","status":200,"ip":"::1","user_id":2,"duration_ms":32.12}
{"timestamp":"2026-08-18T13:23:41+05:00","method":"GET","uri":"/php-mvc-starter/test-email-sms","status":200,"ip":"::1","user_id":2,"duration_ms":30.51}
{"timestamp":"2026-08-18T13:24:00+05:00","method":"GET","uri":"/php-mvc-starter/email-settings","status":200,"ip":"::1","user_id":2,"duration_ms":35.63}
{"timestamp":"2026-08-18T13:24:15+05:00","method":"GET","uri":"/php-mvc-starter/test-email-sms","status":200,"ip":"::1","user_id":2,"duration_ms":32.94}
{"timestamp":"2026-08-18T13:24:21+05:00","method":"GET","uri":"/php-mvc-starter/email-settings","status":200,"ip":"::1","user_id":2,"duration_ms":39.67}
{"timestamp":"2026-08-18T13:24:26+05:00","method":"POST","uri":"/php-mvc-starter/email-settings","status":302,"ip":"::1","user_id":2,"duration_ms":23.55}
{"timestamp":"2026-08-18T13:24:26+05:00","method":"GET","uri":"/php-mvc-starter/email-settings","status":200,"ip":"::1","user_id":2,"duration_ms":27.03}
{"timestamp":"2026-08-18T13:24:40+05:00","method":"GET","uri":"/php-mvc-starter/email-settings","status":200,"ip":"::1","user_id":2,"duration_ms":45.7}
{"timestamp":"2026-08-18T13:24:43+05:00","method":"GET","uri":"/php-mvc-starter/email-settings","status":200,"ip":"::1","user_id":2,"duration_ms":33.3}
{"timestamp":"2026-08-18T13:24:45+05:00","method":"GET","uri":"/php-mvc-starter/test-email-sms","status":200,"ip":"::1","user_id":2,"duration_ms":34.07}
{"timestamp":"2026-08-18T13:25:14+05:00","method":"GET","uri":"/php-mvc-starter/email-settings","status":200,"ip":"::1","user_id":2,"duration_ms":36.96}
{"timestamp":"2026-08-18T13:47:23+05:00","method":"POST","uri":"/php-mvc-starter/email-settings","status":302,"ip":"::1","user_id":2,"duration_ms":46.4}
{"timestamp":"2026-08-18T13:47:23+05:00","method":"GET","uri":"/php-mvc-starter/email-settings","status":200,"ip":"::1","user_id":2,"duration_ms":28.25}
{"timestamp":"2026-08-18T13:47:26+05:00","method":"GET","uri":"/php-mvc-starter/send-email","status":200,"ip":"::1","user_id":2,"duration_ms":27.61}
{"timestamp":"2026-08-18T13:47:36+05:00","method":"GET","uri":"/php-mvc-starter/email-settings","status":200,"ip":"::1","user_id":2,"duration_ms":44.02}
{"timestamp":"2026-08-18T13:47:44+05:00","method":"GET","uri":"/php-mvc-starter/send-email","status":200,"ip":"::1","user_id":2,"duration_ms":28.16}
{"timestamp":"2026-08-18T13:47:53+05:00","method":"POST","uri":"/php-mvc-starter/send-email","status":302,"ip":"::1","user_id":2,"duration_ms":210.27}
{"timestamp":"2026-08-18T13:47:53+05:00","method":"GET","uri":"/php-mvc-starter/send-email","status":200,"ip":"::1","user_id":2,"duration_ms":29.61}
{"timestamp":"2026-08-18T13:48:00+05:00","method":"POST","uri":"/php-mvc-starter/send-email","status":302,"ip":"::1","user_id":2,"duration_ms":28.99}
{"timestamp":"2026-08-18T13:48:00+05:00","method":"GET","uri":"/php-mvc-starter/send-email","status":200,"ip":"::1","user_id":2,"duration_ms":22.35}
{"timestamp":"2026-08-18T13:48:09+05:00","method":"GET","uri":"/php-mvc-starter/email-settings","status":200,"ip":"::1","user_id":2,"duration_ms":28.64}
{"timestamp":"2026-08-18T13:49:17+05:00","method":"POST","uri":"/php-mvc-starter/email-settings","status":302,"ip":"::1","user_id":2,"duration_ms":30.67}
{"timestamp":"2026-08-18T13:49:17+05:00","method":"GET","uri":"/php-mvc-starter/email-settings","status":200,"ip":"::1","user_id":2,"duration_ms":28.19}
{"timestamp":"2026-08-18T13:49:19+05:00","method":"GET","uri":"/php-mvc-starter/send-email","status":200,"ip":"::1","user_id":2,"duration_ms":34.97}
{"timestamp":"2026-08-18T13:49:30+05:00","method":"POST","uri":"/php-mvc-starter/send-email","status":302,"ip":"::1","user_id":2,"duration_ms":6244.07}
{"timestamp":"2026-08-18T13:49:30+05:00","method":"GET","uri":"/php-mvc-starter/send-email","status":200,"ip":"::1","user_id":2,"duration_ms":28.47}
{"timestamp":"2026-08-18T13:49:40+05:00","method":"POST","uri":"/php-mvc-starter/send-email","status":302,"ip":"::1","user_id":2,"duration_ms":4209.29}
{"timestamp":"2026-08-18T13:49:40+05:00","method":"GET","uri":"/php-mvc-starter/send-email","status":200,"ip":"::1","user_id":2,"duration_ms":30.35}
{"timestamp":"2026-08-18T13:50:33+05:00","method":"POST","uri":"/php-mvc-starter/send-email","status":302,"ip":"::1","user_id":2,"duration_ms":12670.57}
{"timestamp":"2026-08-18T13:50:33+05:00","method":"GET","uri":"/php-mvc-starter/send-email","status":200,"ip":"::1","user_id":2,"duration_ms":33.67}
{"timestamp":"2026-08-18T13:51:01+05:00","method":"GET","uri":"/php-mvc-starter/send-sms","status":200,"ip":"::1","user_id":2,"duration_ms":32.46}
{"timestamp":"2026-08-18T13:51:07+05:00","method":"POST","uri":"/php-mvc-starter/send-sms","status":302,"ip":"::1","user_id":2,"duration_ms":25.09}
{"timestamp":"2026-08-18T13:51:15+05:00","method":"GET","uri":"/php-mvc-starter/send-email","status":200,"ip":"::1","user_id":2,"duration_ms":28.3}
{"timestamp":"2026-08-18T13:51:18+05:00","method":"GET","uri":"/php-mvc-starter/email-settings","status":200,"ip":"::1","user_id":2,"duration_ms":33.96}
{"timestamp":"2026-08-18T13:52:16+05:00","method":"POST","uri":"/php-mvc-starter/email-settings","status":302,"ip":"::1","user_id":2,"duration_ms":34.75}
{"timestamp":"2026-08-18T13:52:16+05:00","method":"GET","uri":"/php-mvc-starter/email-settings","status":200,"ip":"::1","user_id":2,"duration_ms":33.23}
{"timestamp":"2026-08-18T13:52:26+05:00","method":"POST","uri":"/php-mvc-starter/email-settings","status":302,"ip":"::1","user_id":2,"duration_ms":32.67}
{"timestamp":"2026-08-18T13:52:26+05:00","method":"GET","uri":"/php-mvc-starter/email-settings","status":200,"ip":"::1","user_id":2,"duration_ms":33.37}
{"timestamp":"2026-08-18T13:52:36+05:00","method":"GET","uri":"/php-mvc-starter/send-email","status":200,"ip":"::1","user_id":2,"duration_ms":41.35}
{"timestamp":"2026-08-18T14:01:50+05:00","method":"GET","uri":"/php-mvc-starter/email-settings","status":200,"ip":"::1","user_id":2,"duration_ms":34.46}
{"timestamp":"2026-08-18T14:16:13+05:00","method":"POST","uri":"/php-mvc-starter/email-settings","status":302,"ip":"::1","user_id":2,"duration_ms":31.54}
{"timestamp":"2026-08-18T14:16:13+05:00","method":"GET","uri":"/php-mvc-starter/email-settings","status":200,"ip":"::1","user_id":2,"duration_ms":26.16}
{"timestamp":"2026-08-18T14:16:15+05:00","method":"GET","uri":"/php-mvc-starter/send-email","status":200,"ip":"::1","user_id":2,"duration_ms":35.87}
{"timestamp":"2026-08-18T14:16:27+05:00","method":"POST","uri":"/php-mvc-starter/send-email","status":302,"ip":"::1","user_id":2,"duration_ms":3036.61}
{"timestamp":"2026-08-18T14:16:27+05:00","method":"GET","uri":"/php-mvc-starter/send-email","status":200,"ip":"::1","user_id":2,"duration_ms":29.06}
