{"timestamp":"2026-08-21T17:09:28+05:00","method":"GET","uri":"/php-mvc-starter/external-api/posts","status":200,"ip":"::1","user_id":null,"duration_ms":1419.09}
{"timestamp":"2026-08-21T17:09:31+05:00","method":"GET","uri":"/php-mvc-starter/","status":302,"ip":"::1","user_id":null,"duration_ms":15.7}
{"timestamp":"2026-08-21T17:09:31+05:00","method":"GET","uri":"/php-mvc-starter/login","status":200,"ip":"::1","user_id":null,"duration_ms":14.09}
{"timestamp":"2026-08-21T17:09:35+05:00","method":"POST","uri":"/php-mvc-starter/login","status":302,"ip":"::1","user_id":2,"duration_ms":43.68}
{"timestamp":"2026-08-21T17:09:35+05:00","method":"GET","uri":"/php-mvc-starter/dashboard","status":200,"ip":"::1","user_id":2,"duration_ms":27.67}
{"timestamp":"2026-08-21T19:15:05+05:00","method":"GET","uri":"/php-mvc-starter/dashboard","status":302,"ip":"::1","user_id":null,"duration_ms":41.65}
{"timestamp":"2026-08-21T19:15:05+05:00","method":"GET","uri":"/php-mvc-starter/login","status":200,"ip":"::1","user_id":null,"duration_ms":15.23}
{"timestamp":"2026-08-21T19:54:29+05:00","method":"GET","uri":"/php-mvc-starter/database-backup","status":302,"ip":"::1","user_id":null,"duration_ms":21.32}
{"timestamp":"2026-08-21T19:54:29+05:00","method":"GET","uri":"/php-mvc-starter/login","status":200,"ip":"::1","user_id":null,"duration_ms":17.78}
{"timestamp":"2026-08-21T20:16:53+05:00","method":"GET","uri":"/php-mvc-starter/external-api/posts","status":200,"ip":"::1","user_id":null,"duration_ms":547.46}
{"timestamp":"2026-08-21T20:16:55+05:00","method":"GET","uri":"/php-mvc-starter/","status":302,"ip":"::1","user_id":null,"duration_ms":14.65}
{"timestamp":"2026-08-21T20:16:55+05:00","method":"GET","uri":"/php-mvc-starter/login","status":200,"ip":"::1","user_id":null,"duration_ms":19.38}
{"timestamp":"2026-08-21T20:19:09+05:00","method":"POST","uri":"/php-mvc-starter/login","status":302,"ip":"::1","user_id":2,"duration_ms":43.82}
{"timestamp":"2026-08-21T20:19:09+05:00","method":"GET","uri":"/php-mvc-starter/dashboard","status":200,"ip":"::1","user_id":2,"duration_ms":28.13}
{"timestamp":"2026-08-21T20:19:15+05:00","method":"GET","uri":"/php-mvc-starter/database-backup","status":200,"ip":"::1","user_id":2,"duration_ms":30.81}
{"timestamp":"2026-08-21T20:19:48+05:00","method":"POST","uri":"/php-mvc-starter/database-backup/google/settings","status":302,"ip":"::1","user_id":2,"duration_ms":22.35}
{"timestamp":"2026-08-21T20:19:48+05:00","method":"GET","uri":"/php-mvc-starter/database-backup","status":200,"ip":"::1","user_id":2,"duration_ms":27.14}
{"timestamp":"2026-08-21T20:20:08+05:00","method":"POST","uri":"/php-mvc-starter/database-backup/google/settings","status":302,"ip":"::1","user_id":2,"duration_ms":32.52}
{"timestamp":"2026-08-21T20:20:08+05:00","method":"GET","uri":"/php-mvc-starter/database-backup","status":200,"ip":"::1","user_id":2,"duration_ms":32.79}
{"timestamp":"2026-08-21T20:20:12+05:00","method":"GET","uri":"/php-mvc-starter/database-backup/google/connect","status":302,"ip":"::1","user_id":2,"duration_ms":19.88}
{"timestamp":"2026-08-21T20:20:30+05:00","method":"GET","uri":"/php-mvc-starter/database-backup","status":200,"ip":"::1","user_id":2,"duration_ms":26.26}
{"timestamp":"2026-08-21T20:26:55+05:00","method":"POST","uri":"/php-mvc-starter/database-backup/google/settings","status":302,"ip":"::1","user_id":2,"duration_ms":31.02}
{"timestamp":"2026-08-21T20:26:55+05:00","method":"GET","uri":"/php-mvc-starter/database-backup","status":200,"ip":"::1","user_id":2,"duration_ms":32.75}
{"timestamp":"2026-08-21T20:27:01+05:00","method":"GET","uri":"/php-mvc-starter/database-backup/google/connect","status":302,"ip":"::1","user_id":2,"duration_ms":27.98}
{"timestamp":"2026-08-21T20:27:14+05:00","method":"GET","uri":"/php-mvc-starter/database-backup/google/connect","status":302,"ip":"::1","user_id":2,"duration_ms":21}
{"timestamp":"2026-08-21T20:28:37+05:00","method":"POST","uri":"/php-mvc-starter/database-backup/google/settings","status":302,"ip":"::1","user_id":2,"duration_ms":32}
{"timestamp":"2026-08-21T20:28:37+05:00","method":"GET","uri":"/php-mvc-starter/database-backup","status":200,"ip":"::1","user_id":2,"duration_ms":24.59}
